This is pdfTeX, Version 3.141592653-2.6-1.40.27 (TeX Live 2025) (preloaded format=pdflatex 2025.12.18)  5 JUN 2026 10:52
entering extended mode
 \write18 enabled.
 %&-line parsing enabled.
**Tinbergen_lecture.tex
(./Tinbergen_lecture.tex
LaTeX2e <2024-11-01> patch level 2
L3 programming layer <2025-01-18>
(/usr/local/texlive/2025/texmf-dist/tex/latex/beamer/beamer.cls
Document Class: beamer 2025/02/04 v3.72 A class for typesetting presentations
(/usr/local/texlive/2025/texmf-dist/tex/latex/beamer/beamerbasemodes.sty
(/usr/local/texlive/2025/texmf-dist/tex/latex/etoolbox/etoolbox.sty
Package: etoolbox 2025/02/11 v2.5l e-TeX tools for LaTeX (JAW)
\etb@tempcnta=\count196
)
\beamer@tempbox=\box52
\beamer@tempcount=\count197
\c@beamerpauses=\count198

(/usr/local/texlive/2025/texmf-dist/tex/latex/beamer/beamerbasedecode.sty
\beamer@slideinframe=\count199
\beamer@minimum=\count266
\beamer@decode@box=\box53
)
\beamer@commentbox=\box54
\beamer@modecount=\count267
)
(/usr/local/texlive/2025/texmf-dist/tex/generic/iftex/iftex.sty
Package: iftex 2024/12/12 v1.0g TeX engine tests
)
\headdp=\dimen141
\footheight=\dimen142
\sidebarheight=\dimen143
\beamer@tempdim=\dimen144
\beamer@finalheight=\dimen145
\beamer@animht=\dimen146
\beamer@animdp=\dimen147
\beamer@animwd=\dimen148
\beamer@leftmargin=\dimen149
\beamer@rightmargin=\dimen150
\beamer@leftsidebar=\dimen151
\beamer@rightsidebar=\dimen152
\beamer@boxsize=\dimen153
\beamer@vboxoffset=\dimen154
\beamer@descdefault=\dimen155
\beamer@descriptionwidth=\dimen156
\beamer@lastskip=\skip49
\beamer@areabox=\box55
\beamer@animcurrent=\box56
\beamer@animshowbox=\box57
\beamer@sectionbox=\box58
\beamer@logobox=\box59
\beamer@linebox=\box60
\beamer@sectioncount=\count268
\beamer@subsubsectionmax=\count269
\beamer@subsectionmax=\count270
\beamer@sectionmax=\count271
\beamer@totalheads=\count272
\beamer@headcounter=\count273
\beamer@partstartpage=\count274
\beamer@sectionstartpage=\count275
\beamer@subsectionstartpage=\count276
\beamer@animationtempa=\count277
\beamer@animationtempb=\count278
\beamer@xpos=\count279
\beamer@ypos=\count280
\beamer@ypos@offset=\count281
\beamer@showpartnumber=\count282
\beamer@currentsubsection=\count283
\beamer@coveringdepth=\count284
\beamer@sectionadjust=\count285
\beamer@toclastsection=\count286
\beamer@tocsectionnumber=\count287

(/usr/local/texlive/2025/texmf-dist/tex/latex/beamer/beamerbaseoptions.sty
(/usr/local/texlive/2025/texmf-dist/tex/latex/graphics/keyval.sty
Package: keyval 2022/05/29 v1.15 key=value parser (DPC)
\KV@toks@=\toks17
))
\beamer@paperwidth=\skip50
\beamer@paperheight=\skip51

(/usr/local/texlive/2025/texmf-dist/tex/latex/geometry/geometry.sty
Package: geometry 2020/01/02 v5.9 Page Geometry

(/usr/local/texlive/2025/texmf-dist/tex/generic/iftex/ifvtex.sty
Package: ifvtex 2019/10/25 v1.7 ifvtex legacy package. Use iftex instead.
)
\Gm@cnth=\count288
\Gm@cntv=\count289
\c@Gm@tempcnt=\count290
\Gm@bindingoffset=\dimen157
\Gm@wd@mp=\dimen158
\Gm@odd@mp=\dimen159
\Gm@even@mp=\dimen160
\Gm@layoutwidth=\dimen161
\Gm@layoutheight=\dimen162
\Gm@layouthoffset=\dimen163
\Gm@layoutvoffset=\dimen164
\Gm@dimlist=\toks18
)
(/usr/local/texlive/2025/texmf-dist/tex/latex/pgf/math/pgfmath.sty
(/usr/local/texlive/2025/texmf-dist/tex/latex/pgf/utilities/pgfrcs.sty
(/usr/local/texlive/2025/texmf-dist/tex/generic/pgf/utilities/pgfutil-common.te
x
\pgfutil@everybye=\toks19
\pgfutil@tempdima=\dimen165
\pgfutil@tempdimb=\dimen166
)
(/usr/local/texlive/2025/texmf-dist/tex/generic/pgf/utilities/pgfutil-latex.def
\pgfutil@abb=\box61
) (/usr/local/texlive/2025/texmf-dist/tex/generic/pgf/utilities/pgfrcs.code.tex
(/usr/local/texlive/2025/texmf-dist/tex/generic/pgf/pgf.revision.tex)
Package: pgfrcs 2023-01-15 v3.1.10 (3.1.10)
))
(/usr/local/texlive/2025/texmf-dist/tex/latex/pgf/utilities/pgfkeys.sty
(/usr/local/texlive/2025/texmf-dist/tex/generic/pgf/utilities/pgfkeys.code.tex
\pgfkeys@pathtoks=\toks20
\pgfkeys@temptoks=\toks21

(/usr/local/texlive/2025/texmf-dist/tex/generic/pgf/utilities/pgfkeyslibraryfil
tered.code.tex
\pgfkeys@tmptoks=\toks22
)))
(/usr/local/texlive/2025/texmf-dist/tex/generic/pgf/math/pgfmath.code.tex
(/usr/local/texlive/2025/texmf-dist/tex/generic/pgf/math/pgfmathutil.code.tex
\pgf@x=\dimen167
\pgf@xa=\dimen168
\pgf@xb=\dimen169
\pgf@xc=\dimen170
\pgf@y=\dimen171
\pgf@ya=\dimen172
\pgf@yb=\dimen173
\pgf@yc=\dimen174
\c@pgf@counta=\count291
\c@pgf@countb=\count292
\c@pgf@countc=\count293
\c@pgf@countd=\count294
)
(/usr/local/texlive/2025/texmf-dist/tex/generic/pgf/math/pgfmathparser.code.tex
\pgfmath@dimen=\dimen175
\pgfmath@count=\count295
\pgfmath@box=\box62
\pgfmath@toks=\toks23
\pgfmath@stack@operand=\toks24
\pgfmath@stack@operation=\toks25
)
(/usr/local/texlive/2025/texmf-dist/tex/generic/pgf/math/pgfmathfunctions.code.
tex)
(/usr/local/texlive/2025/texmf-dist/tex/generic/pgf/math/pgfmathfunctions.basic
.code.tex)
(/usr/local/texlive/2025/texmf-dist/tex/generic/pgf/math/pgfmathfunctions.trigo
nometric.code.tex)
(/usr/local/texlive/2025/texmf-dist/tex/generic/pgf/math/pgfmathfunctions.rando
m.code.tex)
(/usr/local/texlive/2025/texmf-dist/tex/generic/pgf/math/pgfmathfunctions.compa
rison.code.tex)
(/usr/local/texlive/2025/texmf-dist/tex/generic/pgf/math/pgfmathfunctions.base.
code.tex)
(/usr/local/texlive/2025/texmf-dist/tex/generic/pgf/math/pgfmathfunctions.round
.code.tex)
(/usr/local/texlive/2025/texmf-dist/tex/generic/pgf/math/pgfmathfunctions.misc.
code.tex)
(/usr/local/texlive/2025/texmf-dist/tex/generic/pgf/math/pgfmathfunctions.integ
erarithmetics.code.tex)
(/usr/local/texlive/2025/texmf-dist/tex/generic/pgf/math/pgfmathcalc.code.tex)
(/usr/local/texlive/2025/texmf-dist/tex/generic/pgf/math/pgfmathfloat.code.tex
\c@pgfmathroundto@lastzeros=\count296
))) (/usr/local/texlive/2025/texmf-dist/tex/latex/extsizes/size9.clo
File: size9.clo 1999/11/11 v1.4a NON-Standard LaTeX file (size option)
)
(/usr/local/texlive/2025/texmf-dist/tex/latex/pgf/basiclayer/pgfcore.sty
(/usr/local/texlive/2025/texmf-dist/tex/latex/graphics/graphicx.sty
Package: graphicx 2021/09/16 v1.2d Enhanced LaTeX Graphics (DPC,SPQR)

(/usr/local/texlive/2025/texmf-dist/tex/latex/graphics/graphics.sty
Package: graphics 2024/08/06 v1.4g Standard LaTeX Graphics (DPC,SPQR)

(/usr/local/texlive/2025/texmf-dist/tex/latex/graphics/trig.sty
Package: trig 2023/12/02 v1.11 sin cos tan (DPC)
)
(/usr/local/texlive/2025/texmf-dist/tex/latex/graphics-cfg/graphics.cfg
File: graphics.cfg 2016/06/04 v1.11 sample graphics configuration
)
Package graphics Info: Driver file: pdftex.def on input line 106.

(/usr/local/texlive/2025/texmf-dist/tex/latex/graphics-def/pdftex.def
File: pdftex.def 2024/04/13 v1.2c Graphics/color driver for pdftex
))
\Gin@req@height=\dimen176
\Gin@req@width=\dimen177
)
(/usr/local/texlive/2025/texmf-dist/tex/latex/pgf/systemlayer/pgfsys.sty
(/usr/local/texlive/2025/texmf-dist/tex/generic/pgf/systemlayer/pgfsys.code.tex
Package: pgfsys 2023-01-15 v3.1.10 (3.1.10)
\pgf@x=\dimen178
\pgf@y=\dimen179
\pgf@xa=\dimen180
\pgf@ya=\dimen181
\pgf@xb=\dimen182
\pgf@yb=\dimen183
\pgf@xc=\dimen184
\pgf@yc=\dimen185
\pgf@xd=\dimen186
\pgf@yd=\dimen187
\w@pgf@writea=\write3
\r@pgf@reada=\read2
\c@pgf@counta=\count297
\c@pgf@countb=\count298
\c@pgf@countc=\count299
\c@pgf@countd=\count300
\t@pgf@toka=\toks26
\t@pgf@tokb=\toks27
\t@pgf@tokc=\toks28
\pgf@sys@id@count=\count301
(/usr/local/texlive/2025/texmf-dist/tex/generic/pgf/systemlayer/pgf.cfg
File: pgf.cfg 2023-01-15 v3.1.10 (3.1.10)
)
Driver file for pgf: pgfsys-pdftex.def

(/usr/local/texlive/2025/texmf-dist/tex/generic/pgf/systemlayer/pgfsys-pdftex.d
ef
File: pgfsys-pdftex.def 2023-01-15 v3.1.10 (3.1.10)

(/usr/local/texlive/2025/texmf-dist/tex/generic/pgf/systemlayer/pgfsys-common-p
df.def
File: pgfsys-common-pdf.def 2023-01-15 v3.1.10 (3.1.10)
)))
(/usr/local/texlive/2025/texmf-dist/tex/generic/pgf/systemlayer/pgfsyssoftpath.
code.tex
File: pgfsyssoftpath.code.tex 2023-01-15 v3.1.10 (3.1.10)
\pgfsyssoftpath@smallbuffer@items=\count302
\pgfsyssoftpath@bigbuffer@items=\count303
)
(/usr/local/texlive/2025/texmf-dist/tex/generic/pgf/systemlayer/pgfsysprotocol.
code.tex
File: pgfsysprotocol.code.tex 2023-01-15 v3.1.10 (3.1.10)
)) (/usr/local/texlive/2025/texmf-dist/tex/latex/xcolor/xcolor.sty
Package: xcolor 2024/09/29 v3.02 LaTeX color extensions (UK)

(/usr/local/texlive/2025/texmf-dist/tex/latex/graphics-cfg/color.cfg
File: color.cfg 2016/01/02 v1.6 sample color configuration
)
Package xcolor Info: Driver file: pdftex.def on input line 274.

(/usr/local/texlive/2025/texmf-dist/tex/latex/graphics/mathcolor.ltx)
Package xcolor Info: Model `cmy' substituted by `cmy0' on input line 1349.
Package xcolor Info: Model `hsb' substituted by `rgb' on input line 1353.
Package xcolor Info: Model `RGB' extended on input line 1365.
Package xcolor Info: Model `HTML' substituted by `rgb' on input line 1367.
Package xcolor Info: Model `Hsb' substituted by `hsb' on input line 1368.
Package xcolor Info: Model `tHsb' substituted by `hsb' on input line 1369.
Package xcolor Info: Model `HSB' substituted by `hsb' on input line 1370.
Package xcolor Info: Model `Gray' substituted by `gray' on input line 1371.
Package xcolor Info: Model `wave' substituted by `hsb' on input line 1372.
)
(/usr/local/texlive/2025/texmf-dist/tex/generic/pgf/basiclayer/pgfcore.code.tex
Package: pgfcore 2023-01-15 v3.1.10 (3.1.10)
(/usr/local/texlive/2025/texmf-dist/tex/generic/pgf/math/pgfint.code.tex)
(/usr/local/texlive/2025/texmf-dist/tex/generic/pgf/basiclayer/pgfcorepoints.co
de.tex
File: pgfcorepoints.code.tex 2023-01-15 v3.1.10 (3.1.10)
\pgf@picminx=\dimen188
\pgf@picmaxx=\dimen189
\pgf@picminy=\dimen190
\pgf@picmaxy=\dimen191
\pgf@pathminx=\dimen192
\pgf@pathmaxx=\dimen193
\pgf@pathminy=\dimen194
\pgf@pathmaxy=\dimen195
\pgf@xx=\dimen196
\pgf@xy=\dimen197
\pgf@yx=\dimen198
\pgf@yy=\dimen199
\pgf@zx=\dimen256
\pgf@zy=\dimen257
)
(/usr/local/texlive/2025/texmf-dist/tex/generic/pgf/basiclayer/pgfcorepathconst
ruct.code.tex
File: pgfcorepathconstruct.code.tex 2023-01-15 v3.1.10 (3.1.10)
\pgf@path@lastx=\dimen258
\pgf@path@lasty=\dimen259
)
(/usr/local/texlive/2025/texmf-dist/tex/generic/pgf/basiclayer/pgfcorepathusage
.code.tex
File: pgfcorepathusage.code.tex 2023-01-15 v3.1.10 (3.1.10)
\pgf@shorten@end@additional=\dimen260
\pgf@shorten@start@additional=\dimen261
)
(/usr/local/texlive/2025/texmf-dist/tex/generic/pgf/basiclayer/pgfcorescopes.co
de.tex
File: pgfcorescopes.code.tex 2023-01-15 v3.1.10 (3.1.10)
\pgfpic=\box63
\pgf@hbox=\box64
\pgf@layerbox@main=\box65
\pgf@picture@serial@count=\count304
)
(/usr/local/texlive/2025/texmf-dist/tex/generic/pgf/basiclayer/pgfcoregraphicst
ate.code.tex
File: pgfcoregraphicstate.code.tex 2023-01-15 v3.1.10 (3.1.10)
\pgflinewidth=\dimen262
)
(/usr/local/texlive/2025/texmf-dist/tex/generic/pgf/basiclayer/pgfcoretransform
ations.code.tex
File: pgfcoretransformations.code.tex 2023-01-15 v3.1.10 (3.1.10)
\pgf@pt@x=\dimen263
\pgf@pt@y=\dimen264
\pgf@pt@temp=\dimen265
)
(/usr/local/texlive/2025/texmf-dist/tex/generic/pgf/basiclayer/pgfcorequick.cod
e.tex
File: pgfcorequick.code.tex 2023-01-15 v3.1.10 (3.1.10)
)
(/usr/local/texlive/2025/texmf-dist/tex/generic/pgf/basiclayer/pgfcoreobjects.c
ode.tex
File: pgfcoreobjects.code.tex 2023-01-15 v3.1.10 (3.1.10)
)
(/usr/local/texlive/2025/texmf-dist/tex/generic/pgf/basiclayer/pgfcorepathproce
ssing.code.tex
File: pgfcorepathprocessing.code.tex 2023-01-15 v3.1.10 (3.1.10)
)
(/usr/local/texlive/2025/texmf-dist/tex/generic/pgf/basiclayer/pgfcorearrows.co
de.tex
File: pgfcorearrows.code.tex 2023-01-15 v3.1.10 (3.1.10)
\pgfarrowsep=\dimen266
)
(/usr/local/texlive/2025/texmf-dist/tex/generic/pgf/basiclayer/pgfcoreshade.cod
e.tex
File: pgfcoreshade.code.tex 2023-01-15 v3.1.10 (3.1.10)
\pgf@max=\dimen267
\pgf@sys@shading@range@num=\count305
\pgf@shadingcount=\count306
)
(/usr/local/texlive/2025/texmf-dist/tex/generic/pgf/basiclayer/pgfcoreimage.cod
e.tex
File: pgfcoreimage.code.tex 2023-01-15 v3.1.10 (3.1.10)
)
(/usr/local/texlive/2025/texmf-dist/tex/generic/pgf/basiclayer/pgfcoreexternal.
code.tex
File: pgfcoreexternal.code.tex 2023-01-15 v3.1.10 (3.1.10)
\pgfexternal@startupbox=\box66
)
(/usr/local/texlive/2025/texmf-dist/tex/generic/pgf/basiclayer/pgfcorelayers.co
de.tex
File: pgfcorelayers.code.tex 2023-01-15 v3.1.10 (3.1.10)
)
(/usr/local/texlive/2025/texmf-dist/tex/generic/pgf/basiclayer/pgfcoretranspare
ncy.code.tex
File: pgfcoretransparency.code.tex 2023-01-15 v3.1.10 (3.1.10)
)
(/usr/local/texlive/2025/texmf-dist/tex/generic/pgf/basiclayer/pgfcorepatterns.
code.tex
File: pgfcorepatterns.code.tex 2023-01-15 v3.1.10 (3.1.10)
)
(/usr/local/texlive/2025/texmf-dist/tex/generic/pgf/basiclayer/pgfcorerdf.code.
tex
File: pgfcorerdf.code.tex 2023-01-15 v3.1.10 (3.1.10)
))) (/usr/local/texlive/2025/texmf-dist/tex/latex/pgf/utilities/xxcolor.sty
Package: xxcolor 2003/10/24 ver 0.1
\XC@nummixins=\count307
\XC@countmixins=\count308
) (/usr/local/texlive/2025/texmf-dist/tex/latex/base/atbegshi-ltx.sty
Package: atbegshi-ltx 2021/01/10 v1.0c Emulation of the original atbegshi
package with kernel methods
)
(/usr/local/texlive/2025/texmf-dist/tex/latex/hyperref/hyperref.sty
Package: hyperref 2024-11-05 v7.01l Hypertext links for LaTeX

(/usr/local/texlive/2025/texmf-dist/tex/latex/kvsetkeys/kvsetkeys.sty
Package: kvsetkeys 2022-10-05 v1.19 Key value parser (HO)
)
(/usr/local/texlive/2025/texmf-dist/tex/generic/kvdefinekeys/kvdefinekeys.sty
Package: kvdefinekeys 2019-12-19 v1.6 Define keys (HO)
)
(/usr/local/texlive/2025/texmf-dist/tex/generic/pdfescape/pdfescape.sty
Package: pdfescape 2019/12/09 v1.15 Implements pdfTeX's escape features (HO)

(/usr/local/texlive/2025/texmf-dist/tex/generic/ltxcmds/ltxcmds.sty
Package: ltxcmds 2023-12-04 v1.26 LaTeX kernel commands for general use (HO)
)
(/usr/local/texlive/2025/texmf-dist/tex/generic/pdftexcmds/pdftexcmds.sty
Package: pdftexcmds 2020-06-27 v0.33 Utility functions of pdfTeX for LuaTeX (HO
)

(/usr/local/texlive/2025/texmf-dist/tex/generic/infwarerr/infwarerr.sty
Package: infwarerr 2019/12/03 v1.5 Providing info/warning/error messages (HO)
)
Package pdftexcmds Info: \pdf@primitive is available.
Package pdftexcmds Info: \pdf@ifprimitive is available.
Package pdftexcmds Info: \pdfdraftmode found.
))
(/usr/local/texlive/2025/texmf-dist/tex/latex/hycolor/hycolor.sty
Package: hycolor 2020-01-27 v1.10 Color options for hyperref/bookmark (HO)
)
(/usr/local/texlive/2025/texmf-dist/tex/latex/hyperref/nameref.sty
Package: nameref 2023-11-26 v2.56 Cross-referencing by name of section

(/usr/local/texlive/2025/texmf-dist/tex/latex/refcount/refcount.sty
Package: refcount 2019/12/15 v3.6 Data extraction from label references (HO)
)
(/usr/local/texlive/2025/texmf-dist/tex/generic/gettitlestring/gettitlestring.s
ty
Package: gettitlestring 2019/12/15 v1.6 Cleanup title references (HO)
 (/usr/local/texlive/2025/texmf-dist/tex/latex/kvoptions/kvoptions.sty
Package: kvoptions 2022-06-15 v3.15 Key value format for package options (HO)
))
\c@section@level=\count309
)
(/usr/local/texlive/2025/texmf-dist/tex/generic/stringenc/stringenc.sty
Package: stringenc 2019/11/29 v1.12 Convert strings between diff. encodings (HO
)
)
\@linkdim=\dimen268
\Hy@linkcounter=\count310
\Hy@pagecounter=\count311

(/usr/local/texlive/2025/texmf-dist/tex/latex/hyperref/pd1enc.def
File: pd1enc.def 2024-11-05 v7.01l Hyperref: PDFDocEncoding definition (HO)
Now handling font encoding PD1 ...
... no UTF-8 mapping file for font encoding PD1
)
(/usr/local/texlive/2025/texmf-dist/tex/generic/intcalc/intcalc.sty
Package: intcalc 2019/12/15 v1.3 Expandable calculations with integers (HO)
)
\Hy@SavedSpaceFactor=\count312

(/usr/local/texlive/2025/texmf-dist/tex/latex/hyperref/puenc.def
File: puenc.def 2024-11-05 v7.01l Hyperref: PDF Unicode definition (HO)
Now handling font encoding PU ...
... no UTF-8 mapping file for font encoding PU
)
Package hyperref Info: Option `bookmarks' set `true' on input line 4040.
Package hyperref Info: Option `bookmarksopen' set `true' on input line 4040.
Package hyperref Info: Option `implicit' set `false' on input line 4040.
Package hyperref Info: Hyper figures OFF on input line 4157.
Package hyperref Info: Link nesting OFF on input line 4162.
Package hyperref Info: Hyper index ON on input line 4165.
Package hyperref Info: Plain pages OFF on input line 4172.
Package hyperref Info: Backreferencing OFF on input line 4177.
Package hyperref Info: Implicit mode OFF; no redefinition of LaTeX internals.
Package hyperref Info: Bookmarks ON on input line 4424.
\c@Hy@tempcnt=\count313

(/usr/local/texlive/2025/texmf-dist/tex/latex/url/url.sty
\Urlmuskip=\muskip17
Package: url 2013/09/16  ver 3.4  Verb mode for urls, etc.
)
LaTeX Info: Redefining \url on input line 4763.
\XeTeXLinkMargin=\dimen269

(/usr/local/texlive/2025/texmf-dist/tex/generic/bitset/bitset.sty
Package: bitset 2019/12/09 v1.3 Handle bit-vector datatype (HO)

(/usr/local/texlive/2025/texmf-dist/tex/generic/bigintcalc/bigintcalc.sty
Package: bigintcalc 2019/12/15 v1.5 Expandable calculations on big integers (HO
)
))
\Fld@menulength=\count314
\Field@Width=\dimen270
\Fld@charsize=\dimen271
Package hyperref Info: Hyper figures OFF on input line 6042.
Package hyperref Info: Link nesting OFF on input line 6047.
Package hyperref Info: Hyper index ON on input line 6050.
Package hyperref Info: backreferencing OFF on input line 6057.
Package hyperref Info: Link coloring OFF on input line 6062.
Package hyperref Info: Link coloring with OCG OFF on input line 6067.
Package hyperref Info: PDF/A mode OFF on input line 6072.
\Hy@abspage=\count315


Package hyperref Message: Stopped early.

)
Package hyperref Info: Driver (autodetected): hpdftex.
 (/usr/local/texlive/2025/texmf-dist/tex/latex/hyperref/hpdftex.def
File: hpdftex.def 2024-11-05 v7.01l Hyperref driver for pdfTeX

(/usr/local/texlive/2025/texmf-dist/tex/latex/base/atveryend-ltx.sty
Package: atveryend-ltx 2020/08/19 v1.0a Emulation of the original atveryend pac
kage
with kernel methods
)
\Fld@listcount=\count316
\c@bookmark@seq@number=\count317

(/usr/local/texlive/2025/texmf-dist/tex/latex/rerunfilecheck/rerunfilecheck.sty
Package: rerunfilecheck 2022-07-10 v1.10 Rerun checks for auxiliary files (HO)

(/usr/local/texlive/2025/texmf-dist/tex/generic/uniquecounter/uniquecounter.sty
Package: uniquecounter 2019/12/15 v1.4 Provide unlimited unique counter (HO)
)
Package uniquecounter Info: New unique counter `rerunfilecheck' on input line 2
85.
)) (/usr/local/texlive/2025/texmf-dist/tex/latex/beamer/beamerbaserequires.sty
(/usr/local/texlive/2025/texmf-dist/tex/latex/beamer/beamerbasecompatibility.st
y) (/usr/local/texlive/2025/texmf-dist/tex/latex/beamer/beamerbasefont.sty
(/usr/local/texlive/2025/texmf-dist/tex/latex/amsfonts/amssymb.sty
Package: amssymb 2013/01/14 v3.01 AMS font symbols

(/usr/local/texlive/2025/texmf-dist/tex/latex/amsfonts/amsfonts.sty
Package: amsfonts 2013/01/14 v3.01 Basic AMSFonts support
\@emptytoks=\toks29
\symAMSa=\mathgroup4
\symAMSb=\mathgroup5
LaTeX Font Info:    Redeclaring math symbol \hbar on input line 98.
LaTeX Font Info:    Overwriting math alphabet `\mathfrak' in version `bold'
(Font)                  U/euf/m/n --> U/euf/b/n on input line 106.
))
(/usr/local/texlive/2025/texmf-dist/tex/latex/sansmathaccent/sansmathaccent.sty
Package: sansmathaccent 2020/01/31
(/usr/local/texlive/2025/texmf-dist/tex/latex/koma-script/scrlfile.sty
Package: scrlfile 2024/10/24 v3.43 KOMA-Script package (file load hooks)

(/usr/local/texlive/2025/texmf-dist/tex/latex/koma-script/scrlfile-hook.sty
Package: scrlfile-hook 2024/10/24 v3.43 KOMA-Script package (using LaTeX hooks)


(/usr/local/texlive/2025/texmf-dist/tex/latex/koma-script/scrlogo.sty
Package: scrlogo 2024/10/24 v3.43 KOMA-Script package (logo)
)))))
(/usr/local/texlive/2025/texmf-dist/tex/latex/beamer/beamerbasetranslator.sty
(/usr/local/texlive/2025/texmf-dist/tex/latex/translator/translator.sty
Package: translator 2021-05-31 v1.12d Easy translation of strings in LaTeX
))
(/usr/local/texlive/2025/texmf-dist/tex/latex/beamer/beamerbasemisc.sty)
(/usr/local/texlive/2025/texmf-dist/tex/latex/beamer/beamerbasetwoscreens.sty)
(/usr/local/texlive/2025/texmf-dist/tex/latex/beamer/beamerbaseoverlay.sty
\beamer@argscount=\count318
\beamer@lastskipcover=\skip52
\beamer@trivlistdepth=\count319
)
(/usr/local/texlive/2025/texmf-dist/tex/latex/beamer/beamerbasetitle.sty)
(/usr/local/texlive/2025/texmf-dist/tex/latex/beamer/beamerbasesection.sty
\c@lecture=\count320
\c@part=\count321
\c@section=\count322
\c@subsection=\count323
\c@subsubsection=\count324
)
(/usr/local/texlive/2025/texmf-dist/tex/latex/beamer/beamerbaseframe.sty
\beamer@framebox=\box67
\beamer@frametitlebox=\box68
\beamer@zoombox=\box69
\beamer@zoomcount=\count325
\beamer@zoomframecount=\count326
\beamer@frametextheight=\dimen272
\c@subsectionslide=\count327
\beamer@frametopskip=\skip53
\beamer@framebottomskip=\skip54
\beamer@frametopskipautobreak=\skip55
\beamer@framebottomskipautobreak=\skip56
\beamer@envbody=\toks30
\framewidth=\dimen273
\c@framenumber=\count328
)
(/usr/local/texlive/2025/texmf-dist/tex/latex/beamer/beamerbaseverbatim.sty
\beamer@verbatimfileout=\write4
)
(/usr/local/texlive/2025/texmf-dist/tex/latex/beamer/beamerbaseframesize.sty
\beamer@splitbox=\box70
\beamer@autobreakcount=\count329
\beamer@autobreaklastheight=\dimen274
\beamer@frametitletoks=\toks31
\beamer@framesubtitletoks=\toks32
)
(/usr/local/texlive/2025/texmf-dist/tex/latex/beamer/beamerbaseframecomponents.
sty
\beamer@footins=\box71
) (/usr/local/texlive/2025/texmf-dist/tex/latex/beamer/beamerbasecolor.sty)
(/usr/local/texlive/2025/texmf-dist/tex/latex/beamer/beamerbasenotes.sty
\beamer@frameboxcopy=\box72
)
(/usr/local/texlive/2025/texmf-dist/tex/latex/beamer/beamerbasetoc.sty)
(/usr/local/texlive/2025/texmf-dist/tex/latex/beamer/beamerbasetemplates.sty
\beamer@sbttoks=\toks33

(/usr/local/texlive/2025/texmf-dist/tex/latex/beamer/beamerbaseauxtemplates.sty
(/usr/local/texlive/2025/texmf-dist/tex/latex/beamer/beamerbaseboxes.sty
\bmb@box=\box73
\bmb@colorbox=\box74
\bmb@boxwidth=\dimen275
\bmb@boxheight=\dimen276
\bmb@prevheight=\dimen277
\bmb@temp=\dimen278
\bmb@dima=\dimen279
\bmb@dimb=\dimen280
\bmb@prevheight=\dimen281
)
\beamer@blockheadheight=\dimen282
))
(/usr/local/texlive/2025/texmf-dist/tex/latex/beamer/beamerbaselocalstructure.s
ty (/usr/local/texlive/2025/texmf-dist/tex/latex/tools/enumerate.sty
Package: enumerate 2023/07/04 v3.00 enumerate extensions (DPC)
\@enLab=\toks34
)
\beamer@bibiconwidth=\skip57
\c@figure=\count330
\c@table=\count331
\abovecaptionskip=\skip58
\belowcaptionskip=\skip59
)
(/usr/local/texlive/2025/texmf-dist/tex/latex/beamer/beamerbasenavigation.sty
(/usr/local/texlive/2025/texmf-dist/tex/latex/beamer/beamerbasenavigationsymbol
s.tex)
\beamer@section@min@dim=\dimen283
)
(/usr/local/texlive/2025/texmf-dist/tex/latex/beamer/beamerbasetheorems.sty
(/usr/local/texlive/2025/texmf-dist/tex/latex/amsmath/amsmath.sty
Package: amsmath 2024/11/05 v2.17t AMS math features
\@mathmargin=\skip60

For additional information on amsmath, use the `?' option.
(/usr/local/texlive/2025/texmf-dist/tex/latex/amsmath/amstext.sty
Package: amstext 2021/08/26 v2.01 AMS text

(/usr/local/texlive/2025/texmf-dist/tex/latex/amsmath/amsgen.sty
File: amsgen.sty 1999/11/30 v2.0 generic functions
\@emptytoks=\toks35
\ex@=\dimen284
))
(/usr/local/texlive/2025/texmf-dist/tex/latex/amsmath/amsbsy.sty
Package: amsbsy 1999/11/29 v1.2d Bold Symbols
\pmbraise@=\dimen285
)
(/usr/local/texlive/2025/texmf-dist/tex/latex/amsmath/amsopn.sty
Package: amsopn 2022/04/08 v2.04 operator names
)
\inf@bad=\count332
LaTeX Info: Redefining \frac on input line 233.
\uproot@=\count333
\leftroot@=\count334
LaTeX Info: Redefining \overline on input line 398.
LaTeX Info: Redefining \colon on input line 409.
\classnum@=\count335
\DOTSCASE@=\count336
LaTeX Info: Redefining \ldots on input line 495.
LaTeX Info: Redefining \dots on input line 498.
LaTeX Info: Redefining \cdots on input line 619.
\Mathstrutbox@=\box75
\strutbox@=\box76
LaTeX Info: Redefining \big on input line 721.
LaTeX Info: Redefining \Big on input line 722.
LaTeX Info: Redefining \bigg on input line 723.
LaTeX Info: Redefining \Bigg on input line 724.
\big@size=\dimen286
LaTeX Font Info:    Redeclaring font encoding OML on input line 742.
LaTeX Font Info:    Redeclaring font encoding OMS on input line 743.
\macc@depth=\count337
LaTeX Info: Redefining \bmod on input line 904.
LaTeX Info: Redefining \pmod on input line 909.
LaTeX Info: Redefining \smash on input line 939.
LaTeX Info: Redefining \relbar on input line 969.
LaTeX Info: Redefining \Relbar on input line 970.
\c@MaxMatrixCols=\count338
\dotsspace@=\muskip18
\c@parentequation=\count339
\dspbrk@lvl=\count340
\tag@help=\toks36
\row@=\count341
\column@=\count342
\maxfields@=\count343
\andhelp@=\toks37
\eqnshift@=\dimen287
\alignsep@=\dimen288
\tagshift@=\dimen289
\tagwidth@=\dimen290
\totwidth@=\dimen291
\lineht@=\dimen292
\@envbody=\toks38
\multlinegap=\skip61
\multlinetaggap=\skip62
\mathdisplay@stack=\toks39
LaTeX Info: Redefining \[ on input line 2953.
LaTeX Info: Redefining \] on input line 2954.
)
(/usr/local/texlive/2025/texmf-dist/tex/latex/amscls/amsthm.sty
Package: amsthm 2020/05/29 v2.20.6
\thm@style=\toks40
\thm@bodyfont=\toks41
\thm@headfont=\toks42
\thm@notefont=\toks43
\thm@headpunct=\toks44
\thm@preskip=\skip63
\thm@postskip=\skip64
\thm@headsep=\skip65
\dth@everypar=\toks45
)
\c@theorem=\count344
)
(/usr/local/texlive/2025/texmf-dist/tex/latex/beamer/beamerbasethemes.sty))
(/usr/local/texlive/2025/texmf-dist/tex/latex/beamer/beamerthemedefault.sty
(/usr/local/texlive/2025/texmf-dist/tex/latex/beamer/beamerfontthemedefault.sty
)
(/usr/local/texlive/2025/texmf-dist/tex/latex/beamer/beamercolorthemedefault.st
y)
(/usr/local/texlive/2025/texmf-dist/tex/latex/beamer/beamerinnerthemedefault.st
y
\beamer@dima=\dimen293
\beamer@dimb=\dimen294
)
(/usr/local/texlive/2025/texmf-dist/tex/latex/beamer/beamerouterthemedefault.st
y))) (/usr/local/texlive/2025/texmf-dist/tex/generic/babel/babel.sty
Package: babel 2025/02/14 v25.4 The multilingual framework for pdfLaTeX, LuaLaT
eX and XeLaTeX
\babel@savecnt=\count345
\U@D=\dimen295
\l@unhyphenated=\language90

(/usr/local/texlive/2025/texmf-dist/tex/generic/babel/txtbabel.def)
\bbl@readstream=\read3
LaTeX Info: Redefining \textlatin on input line 3835.
\bbl@dirlevel=\count346

(/usr/local/texlive/2025/texmf-dist/tex/generic/babel-english/english.ldf
Language: english 2017/06/06 v3.3r English support from the babel system
Package babel Info: Hyphen rules for 'canadian' set to \l@english
(babel)             (\language0). Reported on input line 102.
Package babel Info: Hyphen rules for 'australian' set to \l@ukenglish
(babel)             (\language22). Reported on input line 105.
Package babel Info: Hyphen rules for 'newzealand' set to \l@ukenglish
(babel)             (\language22). Reported on input line 108.
))
(/usr/local/texlive/2025/texmf-dist/tex/generic/babel/locale/en/babel-english.t
ex
Package babel Info: Importing font and identification data for english
(babel)             from babel-en.ini. Reported on input line 11.
) (/usr/local/texlive/2025/texmf-dist/tex/latex/tools/array.sty
Package: array 2024/10/17 v2.6g Tabular extension package (FMi)
\col@sep=\dimen296
\ar@mcellbox=\box77
\extrarowheight=\dimen297
\NC@list=\toks46
\extratabsurround=\skip66
\backup@length=\skip67
\ar@cellbox=\box78
)
(/usr/local/texlive/2025/texmf-dist/tex/latex/natbib/natbib.sty
Package: natbib 2010/09/13 8.31b (PWD, AO)
\bibhang=\skip68
\bibsep=\skip69
LaTeX Info: Redefining \cite on input line 694.
\c@NAT@ctr=\count347
)
(/usr/local/texlive/2025/texmf-dist/tex/latex/caption/caption.sty
Package: caption 2023/08/05 v3.6o Customizing captions (AR)

(/usr/local/texlive/2025/texmf-dist/tex/latex/caption/caption3.sty
Package: caption3 2023/07/31 v2.4d caption3 kernel (AR)
\caption@tempdima=\dimen298
\captionmargin=\dimen299
\caption@leftmargin=\dimen300
\caption@rightmargin=\dimen301
\caption@width=\dimen302
\caption@indent=\dimen303
\caption@parindent=\dimen304
\caption@hangindent=\dimen305
Package caption Info: beamer document class detected.

(/usr/local/texlive/2025/texmf-dist/tex/latex/caption/caption-beamer.sto
File: caption-beamer.sto 2022/01/06 v2.0c Adaption of the caption package to th
e beamer document classes (AR)
))
\c@caption@flags=\count348
\c@continuedfloat=\count349
Package caption Info: hyperref package is loaded.
Package caption Info: Hyperref support is turned off
(caption)             because hyperref has stopped early.
)
(/usr/local/texlive/2025/texmf-dist/tex/latex/caption/subcaption.sty
Package: subcaption 2023/07/28 v1.6b Sub-captions (AR)
Package caption Info: New subtype `subfigure' on input line 238.
\c@subfigure=\count350
Package caption Info: New subtype `subtable' on input line 238.
\c@subtable=\count351
)
(/usr/local/texlive/2025/texmf-dist/tex/latex/multirow/multirow.sty
Package: multirow 2024/11/12 v2.9 Span multiple rows of a table
\multirow@colwidth=\skip70
\multirow@cntb=\count352
\multirow@dima=\skip71
\bigstrutjot=\dimen306
)
(/usr/local/texlive/2025/texmf-dist/tex/latex/tools/multicol.sty
Package: multicol 2024/09/14 v1.9i multicolumn formatting (FMi)
\c@tracingmulticols=\count353
\mult@box=\box79
\multicol@leftmargin=\dimen307
\c@unbalance=\count354
\c@collectmore=\count355
\doublecol@number=\count356
\multicoltolerance=\count357
\multicolpretolerance=\count358
\full@width=\dimen308
\page@free=\dimen309
\premulticols=\dimen310
\postmulticols=\dimen311
\multicolsep=\skip72
\multicolbaselineskip=\skip73
\partial@page=\box80
\last@line=\box81
\mc@boxedresult=\box82
\maxbalancingoverflow=\dimen312
\mult@rightbox=\box83
\mult@grightbox=\box84
\mult@firstbox=\box85
\mult@gfirstbox=\box86
\@tempa=\box87
\@tempa=\box88
\@tempa=\box89
\@tempa=\box90
\@tempa=\box91
\@tempa=\box92
\@tempa=\box93
\@tempa=\box94
\@tempa=\box95
\@tempa=\box96
\@tempa=\box97
\@tempa=\box98
\@tempa=\box99
\@tempa=\box100
\@tempa=\box101
\@tempa=\box102
\@tempa=\box103
\@tempa=\box104
\@tempa=\box105
\@tempa=\box106
\@tempa=\box107
\@tempa=\box108
\@tempa=\box109
\@tempa=\box110
\@tempa=\box111
\@tempa=\box112
\@tempa=\box113
\@tempa=\box114
\@tempa=\box115
\@tempa=\box116
\@tempa=\box117
\@tempa=\box118
\@tempa=\box119
\@tempa=\box120
\@tempa=\box121
\@tempa=\box122
\c@minrows=\count359
\c@columnbadness=\count360
\c@finalcolumnbadness=\count361
\last@try=\dimen313
\multicolovershoot=\dimen314
\multicolundershoot=\dimen315
\mult@nat@firstbox=\box123
\colbreak@box=\box124
\mc@col@check@num=\count362
)
(/usr/local/texlive/2025/texmf-dist/tex/latex/pgf/frontendlayer/tikz.sty
(/usr/local/texlive/2025/texmf-dist/tex/latex/pgf/basiclayer/pgf.sty
Package: pgf 2023-01-15 v3.1.10 (3.1.10)

(/usr/local/texlive/2025/texmf-dist/tex/generic/pgf/modules/pgfmoduleshapes.cod
e.tex
File: pgfmoduleshapes.code.tex 2023-01-15 v3.1.10 (3.1.10)
\pgfnodeparttextbox=\box125
)
(/usr/local/texlive/2025/texmf-dist/tex/generic/pgf/modules/pgfmoduleplot.code.
tex
File: pgfmoduleplot.code.tex 2023-01-15 v3.1.10 (3.1.10)
)
(/usr/local/texlive/2025/texmf-dist/tex/latex/pgf/compatibility/pgfcomp-version
-0-65.sty
Package: pgfcomp-version-0-65 2023-01-15 v3.1.10 (3.1.10)
\pgf@nodesepstart=\dimen316
\pgf@nodesepend=\dimen317
)
(/usr/local/texlive/2025/texmf-dist/tex/latex/pgf/compatibility/pgfcomp-version
-1-18.sty
Package: pgfcomp-version-1-18 2023-01-15 v3.1.10 (3.1.10)
))
(/usr/local/texlive/2025/texmf-dist/tex/latex/pgf/utilities/pgffor.sty
(/usr/local/texlive/2025/texmf-dist/tex/generic/pgf/utilities/pgffor.code.tex
Package: pgffor 2023-01-15 v3.1.10 (3.1.10)
\pgffor@iter=\dimen318
\pgffor@skip=\dimen319
\pgffor@stack=\toks47
\pgffor@toks=\toks48
))
(/usr/local/texlive/2025/texmf-dist/tex/generic/pgf/frontendlayer/tikz/tikz.cod
e.tex
Package: tikz 2023-01-15 v3.1.10 (3.1.10)

(/usr/local/texlive/2025/texmf-dist/tex/generic/pgf/libraries/pgflibraryplothan
dlers.code.tex
File: pgflibraryplothandlers.code.tex 2023-01-15 v3.1.10 (3.1.10)
\pgf@plot@mark@count=\count363
\pgfplotmarksize=\dimen320
)
\tikz@lastx=\dimen321
\tikz@lasty=\dimen322
\tikz@lastxsaved=\dimen323
\tikz@lastysaved=\dimen324
\tikz@lastmovetox=\dimen325
\tikz@lastmovetoy=\dimen326
\tikzleveldistance=\dimen327
\tikzsiblingdistance=\dimen328
\tikz@figbox=\box126
\tikz@figbox@bg=\box127
\tikz@tempbox=\box128
\tikz@tempbox@bg=\box129
\tikztreelevel=\count364
\tikznumberofchildren=\count365
\tikznumberofcurrentchild=\count366
\tikz@fig@count=\count367

(/usr/local/texlive/2025/texmf-dist/tex/generic/pgf/modules/pgfmodulematrix.cod
e.tex
File: pgfmodulematrix.code.tex 2023-01-15 v3.1.10 (3.1.10)
\pgfmatrixcurrentrow=\count368
\pgfmatrixcurrentcolumn=\count369
\pgf@matrix@numberofcolumns=\count370
)
\tikz@expandcount=\count371

(/usr/local/texlive/2025/texmf-dist/tex/generic/pgf/frontendlayer/tikz/librarie
s/tikzlibrarytopaths.code.tex
File: tikzlibrarytopaths.code.tex 2023-01-15 v3.1.10 (3.1.10)
)))
(/usr/local/texlive/2025/texmf-dist/tex/latex/algorithms/algorithm.sty
Package: algorithm 2009/08/24 v0.1 Document Style `algorithm' - floating enviro
nment

(/usr/local/texlive/2025/texmf-dist/tex/latex/float/float.sty
Package: float 2001/11/08 v1.3d Float enhancements (AL)
\c@float@type=\count372
\float@exts=\toks49
\float@box=\box130
\@float@everytoks=\toks50
\@floatcapt=\box131
)
(/usr/local/texlive/2025/texmf-dist/tex/latex/base/ifthen.sty
Package: ifthen 2024/03/16 v1.1e Standard LaTeX ifthen package (DPC)
)
\@float@every@algorithm=\toks51
\c@algorithm=\count373
)
(/usr/local/texlive/2025/texmf-dist/tex/generic/pgf/frontendlayer/tikz/librarie
s/tikzlibrarypositioning.code.tex
File: tikzlibrarypositioning.code.tex 2023-01-15 v3.1.10 (3.1.10)
)
(/usr/local/texlive/2025/texmf-dist/tex/latex/algorithmicx/algpseudocode.sty
Package: algpseudocode 

(/usr/local/texlive/2025/texmf-dist/tex/latex/algorithmicx/algorithmicx.sty
Package: algorithmicx 2005/04/27 v1.2 Algorithmicx

Document Style algorithmicx 1.2 - a greatly improved `algorithmic' style
\c@ALG@line=\count374
\c@ALG@rem=\count375
\c@ALG@nested=\count376
\ALG@tlm=\skip74
\ALG@thistlm=\skip75
\c@ALG@Lnr=\count377
\c@ALG@blocknr=\count378
\c@ALG@storecount=\count379
\c@ALG@tmpcounter=\count380
\ALG@tmplength=\skip76
)
Document Style - pseudocode environments for use with the `algorithmicx' style
) (./threeparttable.sty
Package: threeparttable 2003/06/13  v 3.0
\@tempboxb=\box132
)
(/usr/local/texlive/2025/texmf-dist/tex/latex/csquotes/csquotes.sty
Package: csquotes 2024-04-04 v5.2o context-sensitive quotations (JAW)
\csq@reset=\count381
\csq@gtype=\count382
\csq@glevel=\count383
\csq@qlevel=\count384
\csq@maxlvl=\count385
\csq@tshold=\count386
\csq@ltx@everypar=\toks52

(/usr/local/texlive/2025/texmf-dist/tex/latex/csquotes/csquotes.def
File: csquotes.def 2024-04-04 v5.2o csquotes generic definitions (JAW)
)
Package csquotes Info: Trying to load configuration file 'csquotes.cfg'...
Package csquotes Info: ... configuration file loaded successfully.

(/usr/local/texlive/2025/texmf-dist/tex/latex/csquotes/csquotes.cfg
File: csquotes.cfg 
)
Package csquotes Info: Enabling multilingual quotes.
)
(/usr/local/texlive/2025/texmf-dist/tex/latex/booktabs/booktabs.sty
Package: booktabs 2020/01/12 v1.61803398 Publication quality tables
\heavyrulewidth=\dimen329
\lightrulewidth=\dimen330
\cmidrulewidth=\dimen331
\belowrulesep=\dimen332
\belowbottomsep=\dimen333
\aboverulesep=\dimen334
\abovetopsep=\dimen335
\cmidrulesep=\dimen336
\cmidrulekern=\dimen337
\defaultaddspace=\dimen338
\@cmidla=\count387
\@cmidlb=\count388
\@aboverulesep=\dimen339
\@belowrulesep=\dimen340
\@thisruleclass=\count389
\@lastruleclass=\count390
\@thisrulewidth=\dimen341
)
(/usr/local/texlive/2025/texmf-dist/tex/latex/svg/svg.sty
Package: svg 2020/11/26 v2.02k (include SVG pictures)

(/usr/local/texlive/2025/texmf-dist/tex/latex/koma-script/scrbase.sty
Package: scrbase 2024/10/24 v3.43 KOMA-Script package (KOMA-Script-independent 
basics and keyval usage)
Applying: [2021/05/01] Usage of raw or classic option list on input line 254.
Already applied: [0000/00/00] Usage of raw or classic option list on input line
 370.
)
(/usr/local/texlive/2025/texmf-dist/tex/latex/trimspaces/trimspaces.sty
Package: trimspaces 2009/09/17 v1.1 Trim spaces around a token list
)
(/usr/local/texlive/2025/texmf-dist/tex/latex/tools/shellesc.sty
Package: shellesc 2023/07/08 v1.0d unified shell escape interface for LaTeX
Package shellesc Info: Unrestricted shell escape enabled on input line 75.
)
(/usr/local/texlive/2025/texmf-dist/tex/latex/ifplatform/ifplatform.sty
Package: ifplatform 2017/10/13 v0.4a Testing for the operating system

(/usr/local/texlive/2025/texmf-dist/tex/generic/catchfile/catchfile.sty
Package: catchfile 2019/12/09 v1.8 Catch the contents of a file (HO)

(/usr/local/texlive/2025/texmf-dist/tex/generic/etexcmds/etexcmds.sty
Package: etexcmds 2019/12/15 v1.7 Avoid name clashes with e-TeX commands (HO)
))
(/usr/local/texlive/2025/texmf-dist/tex/generic/iftex/ifluatex.sty
Package: ifluatex 2019/10/25 v1.5 ifluatex legacy package. Use iftex instead.
)
runsystem(uname -s > "Tinbergen_lecture.w18")...executed.


(./Tinbergen_lecture.w18)
runsystem(rm -- "Tinbergen_lecture.w18")...executed.

)
\c@svg@param@lastpage=\count391
\svg@box=\box133
\c@svg@param@currpage=\count392
)
(/usr/local/texlive/2025/texmf-dist/tex/latex/transparent/transparent.sty
Package: transparent 2022-10-27 v1.5 Transparency with color stacks

(/usr/local/texlive/2025/texmf-dist/tex/latex/transparent/transparent-nometadat
a.sty
Package: transparent-nometadata 2022-10-27 v1.5 Transparency via pdfTeX's color
 stack (HO)
 (/usr/local/texlive/2025/texmf-dist/tex/latex/auxhook/auxhook.sty
Package: auxhook 2019-12-17 v1.6 Hooks for auxiliary files (HO)
)))
(/usr/local/texlive/2025/texmf-dist/tex/latex/appendixnumberbeamer/appendixnumb
erbeamer.sty)
(/usr/local/texlive/2025/texmf-dist/tex/latex/beamer/beamerthemeBerlin.sty
(/usr/local/texlive/2025/texmf-dist/tex/latex/beamer/beamerouterthememiniframes
.sty)
(/usr/local/texlive/2025/texmf-dist/tex/latex/beamer/beamercolorthemewhale.sty)

(/usr/local/texlive/2025/texmf-dist/tex/latex/beamer/beamercolorthemeorchid.sty
)
(/usr/local/texlive/2025/texmf-dist/tex/latex/beamer/beamerinnerthemerectangles
.sty))
(/usr/local/texlive/2025/texmf-dist/tex/latex/beamer/beamercolorthemebeaver.sty
)
Package csquotes Info: Checking for multilingual support...
Package csquotes Info: ... found 'babel' package.
 (/usr/local/texlive/2025/texmf-dist/tex/latex/l3backend/l3backend-pdftex.def
File: l3backend-pdftex.def 2024-05-08 L3 backend support: PDF output (pdfTeX)
\l__color_backend_stack_int=\count393
\l__pdf_internal_box=\box134
) (./Tinbergen_lecture.aux)
\openout1 = `Tinbergen_lecture.aux'.

LaTeX Font Info:    Checking defaults for OML/cmm/m/it on input line 52.
LaTeX Font Info:    ... okay on input line 52.
LaTeX Font Info:    Checking defaults for OMS/cmsy/m/n on input line 52.
LaTeX Font Info:    ... okay on input line 52.
LaTeX Font Info:    Checking defaults for OT1/cmr/m/n on input line 52.
LaTeX Font Info:    ... okay on input line 52.
LaTeX Font Info:    Checking defaults for T1/cmr/m/n on input line 52.
LaTeX Font Info:    ... okay on input line 52.
LaTeX Font Info:    Checking defaults for TS1/cmr/m/n on input line 52.
LaTeX Font Info:    ... okay on input line 52.
LaTeX Font Info:    Checking defaults for OMX/cmex/m/n on input line 52.
LaTeX Font Info:    ... okay on input line 52.
LaTeX Font Info:    Checking defaults for U/cmr/m/n on input line 52.
LaTeX Font Info:    ... okay on input line 52.
LaTeX Font Info:    Checking defaults for PD1/pdf/m/n on input line 52.
LaTeX Font Info:    ... okay on input line 52.
LaTeX Font Info:    Checking defaults for PU/pdf/m/n on input line 52.
LaTeX Font Info:    ... okay on input line 52.

*geometry* driver: auto-detecting
*geometry* detected driver: pdftex
*geometry* verbose mode - [ preamble ] result:
* driver: pdftex
* paper: custom
* layout: <same size as paper>
* layoutoffset:(h,v)=(0.0pt,0.0pt)
* modes: includehead includefoot 
* h-part:(L,W,R)=(28.45274pt, 307.28987pt, 28.45274pt)
* v-part:(T,H,B)=(0.0pt, 273.14662pt, 0.0pt)
* \paperwidth=364.19536pt
* \paperheight=273.14662pt
* \textwidth=307.28987pt
* \textheight=244.6939pt
* \oddsidemargin=-43.81725pt
* \evensidemargin=-43.81725pt
* \topmargin=-72.26999pt
* \headheight=14.22636pt
* \headsep=0.0pt
* \topskip=9.0pt
* \footskip=14.22636pt
* \marginparwidth=4.0pt
* \marginparsep=10.0pt
* \columnsep=10.0pt
* \skip\footins=8.0pt plus 4.0pt minus 2.0pt
* \hoffset=0.0pt
* \voffset=0.0pt
* \mag=1000
* \@twocolumnfalse
* \@twosidefalse
* \@mparswitchfalse
* \@reversemarginfalse
* (1in=72.27pt=25.4mm, 1cm=28.453pt)

(/usr/local/texlive/2025/texmf-dist/tex/context/base/mkii/supp-pdf.mkii
[Loading MPS to PDF converter (version 2006.09.02).]
\scratchcounter=\count394
\scratchdimen=\dimen342
\scratchbox=\box135
\nofMPsegments=\count395
\nofMParguments=\count396
\everyMPshowfont=\toks53
\MPscratchCnt=\count397
\MPscratchDim=\dimen343
\MPnumerator=\count398
\makeMPintoPDFobject=\count399
\everyMPtoPDFconversion=\toks54
) (/usr/local/texlive/2025/texmf-dist/tex/latex/epstopdf-pkg/epstopdf-base.sty
Package: epstopdf-base 2020-01-24 v2.11 Base part for package epstopdf
Package epstopdf-base Info: Redefining graphics rule for `.eps' on input line 4
85.

(/usr/local/texlive/2025/texmf-dist/tex/latex/latexconfig/epstopdf-sys.cfg
File: epstopdf-sys.cfg 2010/07/13 v1.3 Configuration of (r)epstopdf for TeX Liv
e
))
Package hyperref Info: Link coloring OFF on input line 52.

(./Tinbergen_lecture.out) (./Tinbergen_lecture.out)
\@outlinefile=\write5
\openout5 = `Tinbergen_lecture.out'.

LaTeX Font Info:    Overwriting symbol font `operators' in version `normal'
(Font)                  OT1/cmr/m/n --> OT1/cmss/m/n on input line 52.
LaTeX Font Info:    Overwriting symbol font `operators' in version `bold'
(Font)                  OT1/cmr/bx/n --> OT1/cmss/b/n on input line 52.
\symnumbers=\mathgroup6
\sympureletters=\mathgroup7
LaTeX Font Info:    Overwriting math alphabet `\mathrm' in version `normal'
(Font)                  OT1/cmss/m/n --> OT1/cmr/m/n on input line 52.
LaTeX Font Info:    Redeclaring math alphabet \mathbf on input line 52.
LaTeX Font Info:    Overwriting math alphabet `\mathbf' in version `normal'
(Font)                  OT1/cmr/bx/n --> OT1/cmss/b/n on input line 52.
LaTeX Font Info:    Overwriting math alphabet `\mathbf' in version `bold'
(Font)                  OT1/cmr/bx/n --> OT1/cmss/b/n on input line 52.
LaTeX Font Info:    Redeclaring math alphabet \mathsf on input line 52.
LaTeX Font Info:    Overwriting math alphabet `\mathsf' in version `normal'
(Font)                  OT1/cmss/m/n --> OT1/cmss/m/n on input line 52.
LaTeX Font Info:    Overwriting math alphabet `\mathsf' in version `bold'
(Font)                  OT1/cmss/bx/n --> OT1/cmss/m/n on input line 52.
LaTeX Font Info:    Redeclaring math alphabet \mathit on input line 52.
LaTeX Font Info:    Overwriting math alphabet `\mathit' in version `normal'
(Font)                  OT1/cmr/m/it --> OT1/cmss/m/it on input line 52.
LaTeX Font Info:    Overwriting math alphabet `\mathit' in version `bold'
(Font)                  OT1/cmr/bx/it --> OT1/cmss/m/it on input line 52.
LaTeX Font Info:    Redeclaring math alphabet \mathtt on input line 52.
LaTeX Font Info:    Overwriting math alphabet `\mathtt' in version `normal'
(Font)                  OT1/cmtt/m/n --> OT1/cmtt/m/n on input line 52.
LaTeX Font Info:    Overwriting math alphabet `\mathtt' in version `bold'
(Font)                  OT1/cmtt/m/n --> OT1/cmtt/m/n on input line 52.
LaTeX Font Info:    Overwriting symbol font `numbers' in version `bold'
(Font)                  OT1/cmss/m/n --> OT1/cmss/b/n on input line 52.
LaTeX Font Info:    Overwriting symbol font `pureletters' in version `bold'
(Font)                  OT1/cmss/m/it --> OT1/cmss/b/it on input line 52.
LaTeX Font Info:    Overwriting math alphabet `\mathrm' in version `bold'
(Font)                  OT1/cmss/b/n --> OT1/cmr/b/n on input line 52.
LaTeX Font Info:    Overwriting math alphabet `\mathbf' in version `bold'
(Font)                  OT1/cmss/b/n --> OT1/cmss/b/n on input line 52.
LaTeX Font Info:    Overwriting math alphabet `\mathsf' in version `bold'
(Font)                  OT1/cmss/m/n --> OT1/cmss/b/n on input line 52.
LaTeX Font Info:    Overwriting math alphabet `\mathit' in version `bold'
(Font)                  OT1/cmss/m/it --> OT1/cmss/b/it on input line 52.
LaTeX Font Info:    Overwriting math alphabet `\mathtt' in version `bold'
(Font)                  OT1/cmtt/m/n --> OT1/cmtt/b/n on input line 52.
LaTeX Font Info:    Redeclaring symbol font `pureletters' on input line 52.
LaTeX Font Info:    Overwriting symbol font `pureletters' in version `normal'
(Font)                  OT1/cmss/m/it --> OT1/mathkerncmss/m/sl on input line 5
2.
LaTeX Font Info:    Overwriting symbol font `pureletters' in version `bold'
(Font)                  OT1/cmss/b/it --> OT1/mathkerncmss/m/sl on input line 5
2.
LaTeX Font Info:    Overwriting symbol font `pureletters' in version `bold'
(Font)                  OT1/mathkerncmss/m/sl --> OT1/mathkerncmss/bx/sl on inp
ut line 52.

(/usr/local/texlive/2025/texmf-dist/tex/latex/translator/translator-basic-dicti
onary-English.dict
Dictionary: translator-basic-dictionary, Language: English 
)
(/usr/local/texlive/2025/texmf-dist/tex/latex/translator/translator-bibliograph
y-dictionary-English.dict
Dictionary: translator-bibliography-dictionary, Language: English 
)
(/usr/local/texlive/2025/texmf-dist/tex/latex/translator/translator-environment
-dictionary-English.dict
Dictionary: translator-environment-dictionary, Language: English 
)
(/usr/local/texlive/2025/texmf-dist/tex/latex/translator/translator-months-dict
ionary-English.dict
Dictionary: translator-months-dictionary, Language: English 
)
(/usr/local/texlive/2025/texmf-dist/tex/latex/translator/translator-numbers-dic
tionary-English.dict
Dictionary: translator-numbers-dictionary, Language: English 
)
(/usr/local/texlive/2025/texmf-dist/tex/latex/translator/translator-theorem-dic
tionary-English.dict
Dictionary: translator-theorem-dictionary, Language: English 
)
Package caption Info: Begin \AtBeginDocument code.
Package caption Info: float package is loaded.
Package caption Info: threeparttable package is loaded.
Package caption Info: End \AtBeginDocument code.
 (./Tinbergen_lecture.nav)
Overfull \hbox (25.37662pt too wide) detected at line 52
  [] [][][][][][] [][][][][][][][][][][][][] [][][][][][] [][][][][] [][][] [][
][][][][][][] [][][] [][][][][][][][][][][][][][][][][][][][][]  
 []


Overfull \hbox (25.37662pt too wide) detected at line 56
  [] [][][][][][] [][][][][][][][][][][][][] [][][][][][] [][][][][] [][][] [][
][][][][][][] [][][] [][][][][][][][][][][][][][][][][][][][][]  
 []

LaTeX Font Info:    Trying to load font information for U+msa on input line 56.

(/usr/local/texlive/2025/texmf-dist/tex/latex/amsfonts/umsa.fd
File: umsa.fd 2013/01/14 v3.01 AMS symbols A
)
LaTeX Font Info:    Trying to load font information for U+msb on input line 56.


(/usr/local/texlive/2025/texmf-dist/tex/latex/amsfonts/umsb.fd
File: umsb.fd 2013/01/14 v3.01 AMS symbols B
)
LaTeX Font Info:    Trying to load font information for OT1+mathkerncmss on inp
ut line 56.

(/usr/local/texlive/2025/texmf-dist/tex/latex/sansmathaccent/ot1mathkerncmss.fd
File: ot1mathkerncmss.fd 2020/01/31 Fontinst v1.933 font definitions for OT1/ma
thkerncmss.
)
Package epstopdf Info: Source file: <Images/uvalogo_g_en_Amsterdam_School_of_Ec
onomics.eps>
(epstopdf)                    date: 2026-02-25 10:13:50
(epstopdf)                    size: 864238 bytes
(epstopdf)             Output file: <Images/uvalogo_g_en_Amsterdam_School_of_Ec
onomics-eps-converted-to.pdf>
(epstopdf)                    date: 2026-02-25 12:10:48
(epstopdf)                    size: 42587 bytes
(epstopdf)             Command: <epstopdf --outfile=Images/uvalogo_g_en_Amsterd
am_School_of_Economics-eps-converted-to.pdf Images/uvalogo_g_en_Amsterdam_Schoo
l_of_Economics.eps>
(epstopdf)             \includegraphics on input line 56.
Package epstopdf Info: Output file is already uptodate.
<Images/uvalogo_g_en_Amsterdam_School_of_Economics-eps-converted-to.pdf, id=161
, 564.1075pt x 79.29625pt>
File: Images/uvalogo_g_en_Amsterdam_School_of_Economics-eps-converted-to.pdf Gr
aphic file (type pdf)
<use Images/uvalogo_g_en_Amsterdam_School_of_Economics-eps-converted-to.pdf>
Package pdftex.def Info: Images/uvalogo_g_en_Amsterdam_School_of_Economics-eps-
converted-to.pdf  used on input line 56.
(pdftex.def)             Requested size: 113.81102pt x 15.99811pt.
<Images/TI_logo.pdf, id=162, 263.98625pt x 76.285pt>
File: Images/TI_logo.pdf Graphic file (type pdf)
<use Images/TI_logo.pdf>
Package pdftex.def Info: Images/TI_logo.pdf  used on input line 56.
(pdftex.def)             Requested size: 85.35826pt x 24.66545pt.



Overfull \hbox (25.37662pt too wide) has occurred while \output is active
  [] [][][][][][] [][][][][][][][][][][][][] [][][][][][] [][][][][] [][][] [][
][][][][][][] [][][] [][][][][][][][][][][][][][][][][][][][][]  
 []

[1{/usr/local/texlive/2025/texmf-var/fonts/map/pdftex/updmap/pdftex.map}

 <./Images/uvalogo_g_en_Amsterdam_School_of_Economics-eps-converted-to.pdf> <./
Images/TI_logo.pdf>]
Overfull \hbox (25.37662pt too wide) detected at line 61
  [] [][][][][][] [][][][][][][][][][][][][] [][][][][][] [][][][][] [][][] [][
][][][][][][] [][][] [][][][][][][][][][][][][][][][][][][][][]  
 []

(./Tinbergen_lecture.toc)


Overfull \hbox (25.37662pt too wide) has occurred while \output is active
  [] [][][][][][] [][][][][][][][][][][][][] [][][][][][] [][][][][] [][][] [][
][][][][][][] [][][] [][][][][][][][][][][][][][][][][][][][][]  
 []

[2

]
Overfull \hbox (25.37662pt too wide) detected at line 70
  [] [][][][][][] [][][][][][][][][][][][][] [][][][][][] [][][][][] [][][] [][
][][][][][][] [][][] [][][][][][][][][][][][][][][][][][][][][]  
 []

<Images/Forecast_Comparison.png, id=469, 717.68124pt x 501.875pt>
File: Images/Forecast_Comparison.png Graphic file (type png)
<use Images/Forecast_Comparison.png>
Package pdftex.def Info: Images/Forecast_Comparison.png  used on input line 70.

(pdftex.def)             Requested size: 245.83282pt x 171.90646pt.

Overfull \vbox (3.65463pt too high) detected at line 70
 []




Overfull \hbox (25.37662pt too wide) has occurred while \output is active
  [] [][][][][][] [][][][][][][][][][][][][] [][][][][][] [][][][][] [][][] [][
][][][][][][] [][][] [][][][][][][][][][][][][][][][][][][][][]  
 []

[3

 <./Images/Forecast_Comparison.png>]
Overfull \hbox (25.37662pt too wide) detected at line 93
  [] [][][][][][] [][][][][][][][][][][][][] [][][][][][] [][][][][] [][][] [][
][][][][][][] [][][] [][][][][][][][][][][][][][][][][][][][][]  
 []

<Images/ABMScheme.png, id=596, 774.895pt x 541.02126pt>
File: Images/ABMScheme.png Graphic file (type png)
<use Images/ABMScheme.png>
Package pdftex.def Info: Images/ABMScheme.png  used on input line 93.
(pdftex.def)             Requested size: 153.64493pt x 107.26947pt.



Overfull \hbox (25.37662pt too wide) has occurred while \output is active
  [] [][][][][][] [][][][][][][][][][][][][] [][][][][][] [][][][][] [][][] [][
][][][][][][] [][][] [][][][][][][][][][][][][][][][][][][][][]  
 []

[4

 <./Images/ABMScheme.png>]
Overfull \hbox (25.37662pt too wide) detected at line 116
  [] [][][][][][] [][][][][][][][][][][][][] [][][][][][] [][][][][] [][][] [][
][][][][][][] [][][] [][][][][][][][][][][][][][][][][][][][][]  
 []

<figs/Schelling.png, id=721, 664.4825pt x 600.2425pt>
File: figs/Schelling.png Graphic file (type png)
<use figs/Schelling.png>
Package pdftex.def Info: figs/Schelling.png  used on input line 116.
(pdftex.def)             Requested size: 107.55333pt x 97.14899pt.



Overfull \hbox (25.37662pt too wide) has occurred while \output is active
  [] [][][][][][] [][][][][][][][][][][][][] [][][][][][] [][][][][] [][][] [][
][][][][][][] [][][] [][][][][][][][][][][][][][][][][][][][][]  
 []

[5

 <./figs/Schelling.png>]
Overfull \hbox (25.37662pt too wide) detected at line 125
  [] [][][][][][] [][][][][][][][][][][][][] [][][][][][] [][][][][] [][][] [][
][][][][][][] [][][] [][][][][][][][][][][][][][][][][][][][][]  
 []




Overfull \hbox (25.37662pt too wide) has occurred while \output is active
  [] [][][][][][] [][][][][][][][][][][][][] [][][][][][] [][][][][] [][][] [][
][][][][][][] [][][] [][][][][][][][][][][][][][][][][][][][][]  
 []

[6

]
Overfull \hbox (25.37662pt too wide) detected at line 139
  [] [][][][][][] [][][][][][][][][][][][][] [][][][][][] [][][][][] [][][] [][
][][][][][][] [][][] [][][][][][][][][][][][][][][][][][][][][]  
 []




Overfull \hbox (25.37662pt too wide) has occurred while \output is active
  [] [][][][][][] [][][][][][][][][][][][][] [][][][][][] [][][][][] [][][] [][
][][][][][][] [][][] [][][][][][][][][][][][][][][][][][][][][]  
 []

[7

]
Overfull \hbox (25.37662pt too wide) detected at line 148
  [] [][][][][][] [][][][][][][][][][][][][] [][][][][][] [][][][][] [][][] [][
][][][][][][] [][][] [][][][][][][][][][][][][][][][][][][][][]  
 []

<figs/Diagram_poledna.png, id=1102, 3073.4825pt x 2294.5725pt>
File: figs/Diagram_poledna.png Graphic file (type png)
<use figs/Diagram_poledna.png>
Package pdftex.def Info: figs/Diagram_poledna.png  used on input line 148.
(pdftex.def)             Requested size: 261.19826pt x 194.98357pt.

Overfull \vbox (18.73174pt too high) detected at line 148
 []




Overfull \hbox (25.37662pt too wide) has occurred while \output is active
  [] [][][][][][] [][][][][][][][][][][][][] [][][][][][] [][][][][] [][][] [][
][][][][][][] [][][] [][][][][][][][][][][][][][][][][][][][][]  
 []

[8

 <./figs/Diagram_poledna.png>]
Overfull \hbox (25.37662pt too wide) detected at line 163
  [] [][][][][][] [][][][][][][][][][][][][] [][][][][][] [][][][][] [][][] [][
][][][][][][] [][][] [][][][][][][][][][][][][][][][][][][][][]  
 []




Overfull \hbox (25.37662pt too wide) has occurred while \output is active
  [] [][][][][][] [][][][][][][][][][][][][] [][][][][][] [][][][][] [][][] [][
][][][][][][] [][][] [][][][][][][][][][][][][][][][][][][][][]  
 []

[9

]
Overfull \hbox (25.37662pt too wide) detected at line 187
  [] [][][][][][] [][][][][][][][][][][][][] [][][][][][] [][][][][] [][][] [][
][][][][][][] [][][] [][][][][][][][][][][][][][][][][][][][][]  
 []




Overfull \hbox (25.37662pt too wide) has occurred while \output is active
  [] [][][][][][] [][][][][][][][][][][][][] [][][][][][] [][][][][] [][][] [][
][][][][][][] [][][] [][][][][][][][][][][][][][][][][][][][][]  
 []

[10

]
Overfull \hbox (25.37662pt too wide) detected at line 197
  [] [][][][][][] [][][][][][][][][][][][][] [][][][][][] [][][][][] [][][] [][
][][][][][][] [][][] [][][][][][][][][][][][][][][][][][][][][]  
 []




Overfull \hbox (25.37662pt too wide) has occurred while \output is active
  [] [][][][][][] [][][][][][][][][][][][][] [][][][][][] [][][][][] [][][] [][
][][][][][][] [][][] [][][][][][][][][][][][][][][][][][][][][]  
 []

[11

]
Overfull \hbox (25.37662pt too wide) detected at line 209
  [] [][][][][][] [][][][][][][][][][][][][] [][][][][][] [][][][][] [][][] [][
][][][][][][] [][][] [][][][][][][][][][][][][][][][][][][][][]  
 []




Overfull \hbox (25.37662pt too wide) has occurred while \output is active
  [] [][][][][][] [][][][][][][][][][][][][] [][][][][][] [][][][][] [][][] [][
][][][][][][] [][][] [][][][][][][][][][][][][][][][][][][][][]  
 []

[12

]
Overfull \hbox (25.37662pt too wide) detected at line 228
  [] [][][][][][] [][][][][][][][][][][][][] [][][][][][] [][][][][] [][][] [][
][][][][][][] [][][] [][][][][][][][][][][][][][][][][][][][][]  
 []




Overfull \hbox (25.37662pt too wide) has occurred while \output is active
  [] [][][][][][] [][][][][][][][][][][][][] [][][][][][] [][][][][] [][][] [][
][][][][][][] [][][] [][][][][][][][][][][][][][][][][][][][][]  
 []

[13

]
Overfull \hbox (25.37662pt too wide) detected at line 239
  [] [][][][][][] [][][][][][][][][][][][][] [][][][][][] [][][][][] [][][] [][
][][][][][][] [][][] [][][][][][][][][][][][][][][][][][][][][]  
 []




Overfull \hbox (25.37662pt too wide) has occurred while \output is active
  [] [][][][][][] [][][][][][][][][][][][][] [][][][][][] [][][][][] [][][] [][
][][][][][][] [][][] [][][][][][][][][][][][][][][][][][][][][]  
 []

[14

]
Overfull \hbox (25.37662pt too wide) detected at line 249
  [] [][][][][][] [][][][][][][][][][][][][] [][][][][][] [][][][][] [][][] [][
][][][][][][] [][][] [][][][][][][][][][][][][][][][][][][][][]  
 []

<figs/Rplot03.png, id=1945, 2017.5375pt x 1836.8625pt>
File: figs/Rplot03.png Graphic file (type png)
<use figs/Rplot03.png>
Package pdftex.def Info: figs/Rplot03.png  used on input line 249.
(pdftex.def)             Requested size: 184.3758pt x 166.31927pt.



Overfull \hbox (25.37662pt too wide) has occurred while \output is active
  [] [][][][][][] [][][][][][][][][][][][][] [][][][][][] [][][][][] [][][] [][
][][][][][][] [][][] [][][][][][][][][][][][][][][][][][][][][]  
 []

[15

 <./figs/Rplot03.png>]
Overfull \hbox (25.37662pt too wide) detected at line 259
  [] [][][][][][] [][][][][][][][][][][][][] [][][][][][] [][][][][] [][][] [][
][][][][][][] [][][] [][][][][][][][][][][][][][][][][][][][][]  
 []




Overfull \hbox (25.37662pt too wide) has occurred while \output is active
  [] [][][][][][] [][][][][][][][][][][][][] [][][][][][] [][][][][] [][][] [][
][][][][][][] [][][] [][][][][][][][][][][][][][][][][][][][][]  
 []

[16

]
Overfull \hbox (25.37662pt too wide) detected at line 287
  [] [][][][][][] [][][][][][][][][][][][][] [][][][][][] [][][][][] [][][] [][
][][][][][][] [][][] [][][][][][][][][][][][][][][][][][][][][]  
 []


LaTeX Font Warning: Command \footnotesize invalid in math mode on input line 28
7.




Overfull \hbox (25.37662pt too wide) has occurred while \output is active
  [] [][][][][][] [][][][][][][][][][][][][] [][][][][][] [][][][][] [][][] [][
][][][][][][] [][][] [][][][][][][][][][][][][][][][][][][][][]  
 []

[17

]
Overfull \hbox (25.37662pt too wide) detected at line 301
  [] [][][][][][] [][][][][][][][][][][][][] [][][][][][] [][][][][] [][][] [][
][][][][][][] [][][] [][][][][][][][][][][][][][][][][][][][][]  
 []




Overfull \hbox (25.37662pt too wide) has occurred while \output is active
  [] [][][][][][] [][][][][][][][][][][][][] [][][][][][] [][][][][] [][][] [][
][][][][][][] [][][] [][][][][][][][][][][][][][][][][][][][][]  
 []

[18

]
Overfull \hbox (25.37662pt too wide) detected at line 312
  [] [][][][][][] [][][][][][][][][][][][][] [][][][][][] [][][][][] [][][] [][
][][][][][][] [][][] [][][][][][][][][][][][][][][][][][][][][]  
 []




Overfull \hbox (25.37662pt too wide) has occurred while \output is active
  [] [][][][][][] [][][][][][][][][][][][][] [][][][][][] [][][][][] [][][] [][
][][][][][][] [][][] [][][][][][][][][][][][][][][][][][][][][]  
 []

[19

]
Overfull \hbox (25.37662pt too wide) detected at line 345
  [] [][][][][][] [][][][][][][][][][][][][] [][][][][][] [][][][][] [][][] [][
][][][][][][] [][][] [][][][][][][][][][][][][][][][][][][][][]  
 []




Overfull \hbox (25.37662pt too wide) has occurred while \output is active
  [] [][][][][][] [][][][][][][][][][][][][] [][][][][][] [][][][][] [][][] [][
][][][][][][] [][][] [][][][][][][][][][][][][][][][][][][][][]  
 []

[20

]
Overfull \hbox (25.37662pt too wide) detected at line 362
  [] [][][][][][] [][][][][][][][][][][][][] [][][][][][] [][][][][] [][][] [][
][][][][][][] [][][] [][][][][][][][][][][][][][][][][][][][][]  
 []




Overfull \hbox (25.37662pt too wide) has occurred while \output is active
  [] [][][][][][] [][][][][][][][][][][][][] [][][][][][] [][][][][] [][][] [][
][][][][][][] [][][] [][][][][][][][][][][][][][][][][][][][][]  
 []

[21

]
Overfull \hbox (25.37662pt too wide) detected at line 373
  [] [][][][][][] [][][][][][][][][][][][][] [][][][][][] [][][][][] [][][] [][
][][][][][][] [][][] [][][][][][][][][][][][][][][][][][][][][]  
 []




Overfull \hbox (25.37662pt too wide) has occurred while \output is active
  [] [][][][][][] [][][][][][][][][][][][][] [][][][][][] [][][][][] [][][] [][
][][][][][][] [][][] [][][][][][][][][][][][][][][][][][][][][]  
 []

[22

]
Overfull \hbox (25.37662pt too wide) detected at line 413
  [] [][][][][][] [][][][][][][][][][][][][] [][][][][][] [][][][][] [][][] [][
][][][][][][] [][][] [][][][][][][][][][][][][][][][][][][][][]  
 []




Overfull \hbox (25.37662pt too wide) has occurred while \output is active
  [] [][][][][][] [][][][][][][][][][][][][] [][][][][][] [][][][][] [][][] [][
][][][][][][] [][][] [][][][][][][][][][][][][][][][][][][][][]  
 []

[23

]
Overfull \hbox (25.37662pt too wide) detected at line 454
  [] [][][][][][] [][][][][][][][][][][][][] [][][][][][] [][][][][] [][][] [][
][][][][][][] [][][] [][][][][][][][][][][][][][][][][][][][][]  
 []




Overfull \hbox (25.37662pt too wide) has occurred while \output is active
  [] [][][][][][] [][][][][][][][][][][][][] [][][][][][] [][][][][] [][][] [][
][][][][][][] [][][] [][][][][][][][][][][][][][][][][][][][][]  
 []

[24

]
Overfull \hbox (25.37662pt too wide) detected at line 462
  [] [][][][][][] [][][][][][][][][][][][][] [][][][][][] [][][][][] [][][] [][
][][][][][][] [][][] [][][][][][][][][][][][][][][][][][][][][]  
 []

<figs_Austria/out-of-sample-with-predictors_quarterly.pdf, id=3146, 694.595pt x
 372.39125pt>
File: figs_Austria/out-of-sample-with-predictors_quarterly.pdf Graphic file (ty
pe pdf)
<use figs_Austria/out-of-sample-with-predictors_quarterly.pdf>
Package pdftex.def Info: figs_Austria/out-of-sample-with-predictors_quarterly.p
df  used on input line 462.
(pdftex.def)             Requested size: 307.28987pt x 164.75044pt.

Overfull \vbox (2.19861pt too high) detected at line 462
 []




Overfull \hbox (25.37662pt too wide) has occurred while \output is active
  [] [][][][][][] [][][][][][][][][][][][][] [][][][][][] [][][][][] [][][] [][
][][][][][][] [][][] [][][][][][][][][][][][][][][][][][][][][]  
 []

[25

 <./figs_Austria/out-of-sample-with-predictors_quarterly.pdf>]
Overfull \hbox (25.37662pt too wide) detected at line 475
  [] [][][][][][] [][][][][][][][][][][][][] [][][][][][] [][][][][] [][][] [][
][][][][][][] [][][] [][][][][][][][][][][][][][][][][][][][][]  
 []

Package epstopdf Info: Source file: <figs_Austria/national_accounting_compariso
n.eps>
(epstopdf)                    date: 2026-02-25 10:13:50
(epstopdf)                    size: 32560 bytes
(epstopdf)             Output file: <figs_Austria/national_accounting_compariso
n-eps-converted-to.pdf>
(epstopdf)                    date: 2026-02-25 13:19:52
(epstopdf)                    size: 12802 bytes
(epstopdf)             Command: <epstopdf --outfile=figs_Austria/national_accou
nting_comparison-eps-converted-to.pdf figs_Austria/national_accounting_comparis
on.eps>
(epstopdf)             \includegraphics on input line 475.
Package epstopdf Info: Output file is already uptodate.
<figs_Austria/national_accounting_comparison-eps-converted-to.pdf, id=3348, 756
.8275pt x 410.53375pt>
File: figs_Austria/national_accounting_comparison-eps-converted-to.pdf Graphic 
file (type pdf)
<use figs_Austria/national_accounting_comparison-eps-converted-to.pdf>
Package pdftex.def Info: figs_Austria/national_accounting_comparison-eps-conver
ted-to.pdf  used on input line 475.
(pdftex.def)             Requested size: 307.28987pt x 166.68495pt.



Overfull \hbox (25.37662pt too wide) has occurred while \output is active
  [] [][][][][][] [][][][][][][][][][][][][] [][][][][][] [][][][][] [][][] [][
][][][][][][] [][][] [][][][][][][][][][][][][][][][][][][][][]  
 []

[26

 <./figs_Austria/national_accounting_comparison-eps-converted-to.pdf>]
Overfull \hbox (25.37662pt too wide) detected at line 486
  [] [][][][][][] [][][][][][][][][][][][][] [][][][][][] [][][][][] [][][] [][
][][][][][][] [][][] [][][][][][][][][][][][][][][][][][][][][]  
 []




Overfull \hbox (25.37662pt too wide) has occurred while \output is active
  [] [][][][][][] [][][][][][][][][][][][][] [][][][][][] [][][][][] [][][] [][
][][][][][][] [][][] [][][][][][][][][][][][][][][][][][][][][]  
 []

[27

]
Overfull \hbox (25.37662pt too wide) detected at line 505
  [] [][][][][][] [][][][][][][][][][][][][] [][][][][][] [][][][][] [][][] [][
][][][][][][] [][][] [][][][][][][][][][][][][][][][][][][][][]  
 []




Overfull \hbox (25.37662pt too wide) has occurred while \output is active
  [] [][][][][][] [][][][][][][][][][][][][] [][][][][][] [][][][][] [][][] [][
][][][][][][] [][][] [][][][][][][][][][][][][][][][][][][][][]  
 []

[28

]
Overfull \hbox (25.37662pt too wide) detected at line 543
  [] [][][][][][] [][][][][][][][][][][][][] [][][][][][] [][][][][] [][][] [][
][][][][][][] [][][] [][][][][][][][][][][][][][][][][][][][][]  
 []

LaTeX Font Info:    Font shape `OT1/cmss/b/n' in size <8> not available
(Font)              Font shape `OT1/cmss/bx/n' tried instead on input line 543.

LaTeX Font Info:    Font shape `OT1/cmss/b/n' in size <6> not available
(Font)              Font shape `OT1/cmss/bx/n' tried instead on input line 543.

LaTeX Font Info:    Font shape `OT1/cmss/b/n' in size <5> not available
(Font)              Font shape `OT1/cmss/bx/n' tried instead on input line 543.


LaTeX Font Warning: Font shape `OT1/cmss/bx/it' undefined
(Font)              using `OT1/cmss/bx/n' instead on input line 543.

<figs/posterior_SPNE.png, id=3725, 523.9575pt x 539.01375pt>
File: figs/posterior_SPNE.png Graphic file (type png)
<use figs/posterior_SPNE.png>
Package pdftex.def Info: figs/posterior_SPNE.png  used on input line 543.
(pdftex.def)             Requested size: 141.35304pt x 145.41228pt.



Overfull \hbox (25.37662pt too wide) has occurred while \output is active
  [] [][][][][][] [][][][][][][][][][][][][] [][][][][][] [][][][][] [][][] [][
][][][][][][] [][][] [][][][][][][][][][][][][][][][][][][][][]  
 []

[29

 <./figs/posterior_SPNE.png>]
Overfull \hbox (25.37662pt too wide) detected at line 564
  [] [][][][][][] [][][][][][][][][][][][][] [][][][][][] [][][][][] [][][] [][
][][][][][][] [][][] [][][][][][][][][][][][][][][][][][][][][]  
 []


Overfull \hbox (2.78165pt too wide) detected at line 564
\OT1/mathkerncmss/m/sl/9 MC[]\OT1/cmss/m/n/9 (\OT1/mathkerncmss/m/sl/9 t\OT1/cm
ss/m/n/9 ) = [] + [] + [] \OML/cmm/m/it/9 :
 []




Overfull \hbox (25.37662pt too wide) has occurred while \output is active
  [] [][][][][][] [][][][][][][][][][][][][] [][][][][][] [][][][][] [][][] [][
][][][][][][] [][][] [][][][][][][][][][][][][][][][][][][][][]  
 []

[30

]
Overfull \hbox (25.37662pt too wide) detected at line 583
  [] [][][][][][] [][][][][][][][][][][][][] [][][][][][] [][][][][] [][][] [][
][][][][][][] [][][] [][][][][][][][][][][][][][][][][][][][][]  
 []

<figs/wps_demand_pull.jpeg, id=3973, 211.17294pt x 137.45753pt>
File: figs/wps_demand_pull.jpeg Graphic file (type jpg)
<use figs/wps_demand_pull.jpeg>
Package pdftex.def Info: figs/wps_demand_pull.jpeg  used on input line 583.
(pdftex.def)             Requested size: 138.2795pt x 90.00911pt.



Overfull \hbox (25.37662pt too wide) has occurred while \output is active
  [] [][][][][][] [][][][][][][][][][][][][] [][][][][][] [][][][][] [][][] [][
][][][][][][] [][][] [][][][][][][][][][][][][][][][][][][][][]  
 []

[31

 <./figs/wps_demand_pull.jpeg>]
Overfull \hbox (25.37662pt too wide) detected at line 595
  [] [][][][][][] [][][][][][][][][][][][][] [][][][][][] [][][][][] [][][] [][
][][][][][][] [][][] [][][][][][][][][][][][][][][][][][][][][]  
 []




Overfull \hbox (25.37662pt too wide) has occurred while \output is active
  [] [][][][][][] [][][][][][][][][][][][][] [][][][][][] [][][][][] [][][] [][
][][][][][][] [][][] [][][][][][][][][][][][][][][][][][][][][]  
 []

[32

]
Overfull \hbox (25.37662pt too wide) detected at line 607
  [] [][][][][][] [][][][][][][][][][][][][] [][][][][][] [][][][][] [][][] [][
][][][][][][] [][][] [][][][][][][][][][][][][][][][][][][][][]  
 []




Overfull \hbox (25.37662pt too wide) has occurred while \output is active
  [] [][][][][][] [][][][][][][][][][][][][] [][][][][][] [][][][][] [][][] [][
][][][][][][] [][][] [][][][][][][][][][][][][][][][][][][][][]  
 []

[33

]
Overfull \hbox (25.37662pt too wide) detected at line 615
  [] [][][][][][] [][][][][][][][][][][][][] [][][][][][] [][][][][] [][][] [][
][][][][][][] [][][] [][][][][][][][][][][][][][][][][][][][][]  
 []

<figs/wps_infl_decomp_no_estimate.png, id=4334, 1405.25pt x 602.25pt>
File: figs/wps_infl_decomp_no_estimate.png Graphic file (type png)
<use figs/wps_infl_decomp_no_estimate.png>
Package pdftex.def Info: figs/wps_infl_decomp_no_estimate.png  used on input li
ne 615.
(pdftex.def)             Requested size: 261.19826pt x 111.93831pt.



Overfull \hbox (25.37662pt too wide) has occurred while \output is active
  [] [][][][][][] [][][][][][][][][][][][][] [][][][][][] [][][][][] [][][] [][
][][][][][][] [][][] [][][][][][][][][][][][][][][][][][][][][]  
 []

[34

 <./figs/wps_infl_decomp_no_estimate.png>]
Overfull \hbox (25.37662pt too wide) detected at line 623
  [] [][][][][][] [][][][][][][][][][][][][] [][][][][][] [][][][][] [][][] [][
][][][][][][] [][][] [][][][][][][][][][][][][][][][][][][][][]  
 []

<figs/wps_infl_decomp_estimated.png, id=4454, 1405.25pt x 602.25pt>
File: figs/wps_infl_decomp_estimated.png Graphic file (type png)
<use figs/wps_infl_decomp_estimated.png>
Package pdftex.def Info: figs/wps_infl_decomp_estimated.png  used on input line
 623.
(pdftex.def)             Requested size: 261.19826pt x 111.93831pt.



Overfull \hbox (25.37662pt too wide) has occurred while \output is active
  [] [][][][][][] [][][][][][][][][][][][][] [][][][][][] [][][][][] [][][] [][
][][][][][][] [][][] [][][][][][][][][][][][][][][][][][][][][]  
 []

[35

 <./figs/wps_infl_decomp_estimated.png>]
Overfull \hbox (25.37662pt too wide) detected at line 631
  [] [][][][][][] [][][][][][][][][][][][][] [][][][][][] [][][][][] [][][] [][
][][][][][][] [][][] [][][][][][][][][][][][][][][][][][][][][]  
 []

<figs/wps_infl_decomp_components.png, id=4573, 1405.25pt x 602.25pt>
File: figs/wps_infl_decomp_components.png Graphic file (type png)
<use figs/wps_infl_decomp_components.png>
Package pdftex.def Info: figs/wps_infl_decomp_components.png  used on input lin
e 631.
(pdftex.def)             Requested size: 261.19826pt x 111.93831pt.



Overfull \hbox (25.37662pt too wide) has occurred while \output is active
  [] [][][][][][] [][][][][][][][][][][][][] [][][][][][] [][][][][] [][][] [][
][][][][][][] [][][] [][][][][][][][][][][][][][][][][][][][][]  
 []

[36

 <./figs/wps_infl_decomp_components.png>]
Overfull \hbox (25.37662pt too wide) detected at line 642
  [] [][][][][][] [][][][][][][][][][][][][] [][][][][][] [][][][][] [][][] [][
][][][][][][] [][][] [][][][][][][][][][][][][][][][][][][][][]  
 []




Overfull \hbox (25.37662pt too wide) has occurred while \output is active
  [] [][][][][][] [][][][][][][][][][][][][] [][][][][][] [][][][][] [][][] [][
][][][][][][] [][][] [][][][][][][][][][][][][][][][][][][][][]  
 []

[37

]
Overfull \hbox (25.37662pt too wide) detected at line 650
  [] [][][][][][] [][][][][][][][][][][][][] [][][][][][] [][][][][] [][][] [][
][][][][][][] [][][] [][][][][][][][][][][][][][][][][][][][][]  
 []




Overfull \hbox (25.37662pt too wide) has occurred while \output is active
  [] [][][][][][] [][][][][][][][][][][][][] [][][][][][] [][][][][] [][][] [][
][][][][][][] [][][] [][][][][][][][][][][][][][][][][][][][][]  
 []

[38

]
Overfull \hbox (25.37662pt too wide) detected at line 655
  [] [][][][][][] [][][][][][][][][][][][][] [][][][][][] [][][][][] [][][] [][
][][][][][][] [][][] [][][][][][][][][][][][][][][][][][][][][]  
 []

(./Tinbergen_lecture.bbl)


Overfull \hbox (25.37662pt too wide) has occurred while \output is active
  [] [][][][][][] [][][][][][][][][][][][][] [][][][][][] [][][][][] [][][] [][
][][][][][][] [][][] [][][][][][][][][][][][][][][][][][][][][]  
 []

[39

]


Overfull \hbox (25.37662pt too wide) has occurred while \output is active
  [] [][][][][][] [][][][][][][][][][][][][] [][][][][][] [][][][][] [][][] [][
][][][][][][] [][][] [][][][][][][][][][][][][][][][][][][][][]  
 []

[40


]
Overfull \hbox (4.98094pt too wide) detected at line 682
[]\OT1/mathkerncmss/m/sl/7 Q[] []
 []



[41

]
Overfull \hbox (15.95317pt too wide) detected at line 709
[]\OML/cmm/m/it/7 ^^Y[] \OT1/cmss/m/n/7 = [] + [] + [] \OMS/cmsy/m/n/7 8\OT1/ma
thkerncmss/m/sl/7 i \OMS/cmsy/m/n/7 2 \OT1/mathkerncmss/m/sl/7 I[]\OML/cmm/m/it
/7 :
 []



[42

]
Overfull \hbox (0.91307pt too wide) detected at line 718
[]\OT1/cmss/m/n/6 ^^A\OT1/mathkerncmss/m/sl/6 D[]\OT1/cmss/m/n/6 =[] \OMS/cmsy/
m/n/6 ^^@ [] ^^@ [] ^^@ []\OML/cmm/m/it/6 ;
 []



[43

]

[44

]

[45

]

[46

]

[47

]
Overfull \vbox (13.44681pt too high) detected at line 793
 []



[48

]

[49

]

[50

]

[51

]
Overfull \hbox (30.27771pt too wide) detected at line 849
[][][]
 []



[52

]

[53

]

[54

]

[55

]

[56

]

[57

]

[58

]

[59

]

[60

]
\tf@nav=\write6
\openout6 = `Tinbergen_lecture.nav'.

\tf@toc=\write7
\openout7 = `Tinbergen_lecture.toc'.

\tf@snm=\write8
\openout8 = `Tinbergen_lecture.snm'.

 (./Tinbergen_lecture.aux)
 ***********
LaTeX2e <2024-11-01> patch level 2
L3 programming layer <2025-01-18>
 ***********


LaTeX Font Warning: Some font shapes were not available, defaults substituted.

Package rerunfilecheck Info: File `Tinbergen_lecture.out' has not changed.
(rerunfilecheck)             Checksum: 6DE5D57B6FE01F94AC8131403F646740;1759.
 ) 
Here is how much of TeX's memory you used:
 30834 strings out of 473190
 609020 string characters out of 5715799
 1055798 words of memory out of 5000000
 53291 multiletter control sequences out of 15000+600000
 576359 words of font info for 92 fonts, out of 8000000 for 9000
 1141 hyphenation exceptions out of 8191
 128i,20n,123p,597b,786s stack positions out of 10000i,1000n,20000p,200000b,200000s
</usr/local/texlive/2025/texmf-dist/fonts/type1/public/amsfonts/cmextra/cmex7
.pfb></usr/local/texlive/2025/texmf-dist/fonts/type1/public/amsfonts/cmextra/cm
ex8.pfb></usr/local/texlive/2025/texmf-dist/fonts/type1/public/amsfonts/cmextra
/cmex9.pfb></usr/local/texlive/2025/texmf-dist/fonts/type1/public/amsfonts/cm/c
mmi5.pfb></usr/local/texlive/2025/texmf-dist/fonts/type1/public/amsfonts/cm/cmm
i6.pfb></usr/local/texlive/2025/texmf-dist/fonts/type1/public/amsfonts/cm/cmmi7
.pfb></usr/local/texlive/2025/texmf-dist/fonts/type1/public/amsfonts/cm/cmmi8.p
fb></usr/local/texlive/2025/texmf-dist/fonts/type1/public/amsfonts/cm/cmmi9.pfb
></usr/local/texlive/2025/texmf-dist/fonts/type1/public/amsfonts/cmextra/cmmib8
.pfb></usr/local/texlive/2025/texmf-dist/fonts/type1/public/amsfonts/cm/cmr5.pf
b></usr/local/texlive/2025/texmf-dist/fonts/type1/public/amsfonts/cm/cmr6.pfb><
/usr/local/texlive/2025/texmf-dist/fonts/type1/public/amsfonts/cm/cmss10.pfb></
usr/local/texlive/2025/texmf-dist/fonts/type1/public/amsfonts/cm/cmss8.pfb></us
r/local/texlive/2025/texmf-dist/fonts/type1/public/amsfonts/cm/cmss9.pfb></usr/
local/texlive/2025/texmf-dist/fonts/type1/public/amsfonts/cm/cmssbx10.pfb></usr
/local/texlive/2025/texmf-dist/fonts/type1/public/amsfonts/cm/cmssi8.pfb></usr/
local/texlive/2025/texmf-dist/fonts/type1/public/amsfonts/cm/cmssi9.pfb></usr/l
ocal/texlive/2025/texmf-dist/fonts/type1/public/amsfonts/cm/cmsy5.pfb></usr/loc
al/texlive/2025/texmf-dist/fonts/type1/public/amsfonts/cm/cmsy6.pfb></usr/local
/texlive/2025/texmf-dist/fonts/type1/public/amsfonts/cm/cmsy7.pfb></usr/local/t
exlive/2025/texmf-dist/fonts/type1/public/amsfonts/cm/cmsy8.pfb></usr/local/tex
live/2025/texmf-dist/fonts/type1/public/amsfonts/cm/cmsy9.pfb></usr/local/texli
ve/2025/texmf-dist/fonts/type1/public/amsfonts/symbols/msbm10.pfb>
Output written on Tinbergen_lecture.pdf (60 pages, 3695855 bytes).
PDF statistics:
 6839 PDF objects out of 7423 (max. 8388607)
 4280 compressed objects within 43 object streams
 159 named destinations out of 1000 (max. 500000)
 231 words of extra memory for PDF output out of 10000 (max. 10000000)

